
          -------------------------------------------------------
          Amber 22 SANDER                              2022
          -------------------------------------------------------

| Run on 08/08/2026 at 15:17:20

|   Executable path: sander
| Working directory: /home/ohno/BTBTB
|          Hostname: cmdell81

  [-O]verwriting output

File Assignments:
|  MDIN: FF_calc.in                                                            
| MDOUT: BTBTB.out                                                             
|INPCRD: BTBTB.inpcrd                                                          
|  PARM: BTBTB.prmtop                                                          
|RESTRT: min.rst                                                               
|  REFC: BTBTB.inpcrd                                                          
| MDVEL: mdvel                                                                 
| MDFRC: mdfrc                                                                 
|  MDEN: mden                                                                  
| MDCRD: mdcrd                                                                 
|MDINFO: mdinfo                                                                
|  MTMD: mtmd                                                                  
|INPDIP: inpdip                                                                
|RSTDIP: rstdip                                                                
|INPTRA: inptraj                                                               


 Here is the input file:

Simple energy evaluation                                                       
&cntrl                                                                         
  imin=1,       ! Do minimization mode (needed to evaluate energy)             
  maxcyc=0,     ! Do zero steps = evaluate energy only                         
  ntb=0,        ! No periodic boundary conditions                              
  cut=999.0,    ! No nonbonded cutoff (optional: set to 10.0 if needed)        
/                                                                              

--------------------------------------------------------------------------------
   1.  RESOURCE   USE: 
--------------------------------------------------------------------------------

| Flags:                                                                        
|    NONPERIODIC   ntb=0 and igb=0: Setting up nonperiodic simulation
|  *** cutoff > system size, list only builds once
|Largest sphere to fit in unit cell has radius =    30.000
| New format PARM file being parsed.
| Version =    1.000 Date = 08/08/26 Time = 15:15:02
 NATOM  =      30 NTYPES =       3 NBONH =      10 MBONA  =      24
 NTHETH =      20 MTHETA =      36 NPHIH =      44 MPHIA  =      62
 NHPARM =       0 NPARM  =       0 NNB   =     164 NRES   =       1
 NBONA  =      24 NTHETA =      36 NPHIA =      62 NUMBND =       5
 NUMANG =       9 NPTRA  =       4 NATYP =       4 NPHB   =       0
 IFBOX  =       0 NMXRS  =      30 IFCAP =       0 NEXTRA =       0
 NCOPY  =       0


|     Memory Use     Allocated
|     Real              705968
|     Hollerith             93
|     Integer            26010
|     Max Pairs            435
|     nblistReal           360
|     nblist Int        960683
|       Total             9374 kbytes

| Note: 1-4 EEL scale factors are being read from the topology file.

| Note: 1-4 VDW scale factors are being read from the topology file.
| Duplicated    0 dihedrals
| Duplicated    0 dihedrals

--------------------------------------------------------------------------------
   2.  CONTROL  DATA  FOR  THE  RUN
--------------------------------------------------------------------------------

MOL                                                                             

General flags:
     imin    =       1, nmropt  =       0

Nature and format of input:
     ntx     =       1, irest   =       0, ntrx    =       1

Nature and format of output:
     ntxo    =       2, ntpr    =      50, ntrx    =       1, ntwr    =       1
     iwrap   =       0, ntwx    =       0, ntwv    =       0, ntwe    =       0
     ioutfm  =       1, ntwprt  =       0, idecomp =       0, rbornstat=      0

Potential function:
     ntf     =       1, ntb     =       0, igb     =       0, nsnb    =      25
     ipol    =       0, gbsa    =       0, iesp    =       0
     dielc   =   1.00000, cut     = 999.00000, intdiel =   1.00000

Frozen or restrained atoms:
     ibelly  =       0, ntr     =       0

Energy minimization:
     maxcyc  =       0, ncyc    =      10, ntmin   =       1
     dx0     =   0.01000, drms    =   0.00010
|  INFO: Old style inpcrd file read


--------------------------------------------------------------------------------
   3.  ATOMIC COORDINATES AND VELOCITIES
--------------------------------------------------------------------------------

MOL                                                                             
 begin time read from input coords =     0.000 ps

 Number of triangulated 3-point waters found:        0

     Sum of charges from parm topology file =  -0.00000200
     Forcing neutrality...

--------------------------------------------------------------------------------
   4.  RESULTS
--------------------------------------------------------------------------------

 ---------------------------------------------------

     eedmeth=4: Setting switch to one everywhere

 ---------------------------------------------------
| Local SIZE OF NONBOND LIST =        276
| TOTAL SIZE OF NONBOND LIST =        276


   NSTEP       ENERGY          RMS            GMAX         NAME    NUMBER
      1       3.2690E+01     9.7380E+00     2.6967E+01     C8          9

 BOND    =        1.8148  ANGLE   =       16.4939  DIHED      =        0.0000
 VDWAALS =       -2.4593  EEL     =       -4.0458  HBOND      =        0.0000
 1-4 VDW =        9.2881  1-4 EEL =       11.5988  RESTRAINT  =        0.0000


  Maximum number of minimization cycles reached.


                    FINAL RESULTS



   NSTEP       ENERGY          RMS            GMAX         NAME    NUMBER
      1       3.2690E+01     9.7380E+00     2.6967E+01     C8          9

 BOND    =        1.8148  ANGLE   =       16.4939  DIHED      =        0.0000
 VDWAALS =       -2.4593  EEL     =       -4.0458  HBOND      =        0.0000
 1-4 VDW =        9.2881  1-4 EEL =       11.5988  RESTRAINT  =        0.0000

--------------------------------------------------------------------------------
   5.  TIMINGS
--------------------------------------------------------------------------------

|    Read coords time           0.01 ( 1.73% of Total)
|                Build the list             0.00 (93.29% of List )
|                Other                      0.00 ( 6.71% of List )
|             List time                  0.00 (37.23% of Nonbo)
|                   Short_ene time             0.00 (27.19% of Direc)
|                   Other                      0.00 (72.81% of Direc)
|                Direct Ewald time          0.00 (51.45% of Ewald)
|                Virial junk                0.00 ( 0.65% of Ewald)
|                Start synchronizatio       0.00 ( 0.40% of Ewald)
|                Other                      0.00 (47.51% of Ewald)
|             Ewald time                 0.00 (62.65% of Nonbo)
|             IPS excludes               0.00 ( 0.12% of Nonbo)
|          Nonbond force              0.00 (46.90% of Force)
|          Bond/Angle/Dihedral        0.00 (10.76% of Force)
|          Other                      0.00 (42.34% of Force)
|       Force time                 0.00 (100.0% of Runmd)
|    Runmd Time                 0.00 ( 0.44% of Total)
|    Other                      0.36 (97.83% of Total)
| Total time                 0.37 (96.98% of ALL  )

| Number of list builds   :          1

| Highest rstack allocated:        110
| Highest istack allocated:         22
|           Job began  at 15:17:20.619  on 08/08/2026
|           Setup done at 15:17:20.867  on 08/08/2026
|           Run   done at 15:17:20.999  on 08/08/2026
|     wallclock() was called      58 times

|3D-RISM memory allocation summary
|Type          Maximum        Current   
|Integer       0.00000 GB     0.00000 GB
|Real          0.00000 GB     0.00000 GB
|Logical       0.00000 GB     0.00000 GB
|Character     0.00000 GB     0.00000 GB
|---------------------------------------
|Total         0.00000 GB     0.00000 GB
