
          -------------------------------------------------------
          Amber 22 SANDER                              2022
          -------------------------------------------------------

| Run on 08/27/2026 at 23:33:16

|   Executable path: sander
| Working directory: /home/ohno/benzene_amber
|          Hostname: cmdell81

  [-O]verwriting output

File Assignments:
|  MDIN: FF_calc.in                                                            
| MDOUT: benzene.out                                                           
|INPCRD: benzene.inpcrd                                                        
|  PARM: benzene.prmtop                                                        
|RESTRT: min.rst                                                               
|  REFC: benzene.inpcrd                                                        
| MDVEL: mdvel                                                                 
| MDFRC: mdfrc                                                                 
|  MDEN: mden                                                                  
| MDCRD: mdcrd                                                                 
|MDINFO: mdinfo                                                                
|  MTMD: mtmd                                                                  
|INPDIP: inpdip                                                                
|RSTDIP: rstdip                                                                
|INPTRA: inptraj                                                               


 Here is the input file:

Simple energy evaluation                                                       
&cntrl                                                                         
  imin=1,       ! Do minimization mode (needed to evaluate energy)             
  maxcyc=0,     ! Do zero steps = evaluate energy only                         
  ntb=0,        ! No periodic boundary conditions                              
  cut=999.0,    ! No nonbonded cutoff (optional: set to 10.0 if needed)        
/                                                                              

--------------------------------------------------------------------------------
   1.  RESOURCE   USE: 
--------------------------------------------------------------------------------

| Flags:                                                                        
|    NONPERIODIC   ntb=0 and igb=0: Setting up nonperiodic simulation
|  *** cutoff > system size, list only builds once
|Largest sphere to fit in unit cell has radius =    30.000
| New format PARM file being parsed.
| Version =    1.000 Date = 08/27/26 Time = 23:31:18
 NATOM  =      12 NTYPES =       2 NBONH =       6 MBONA  =       6
 NTHETH =      12 MTHETA =       6 NPHIH =      24 MPHIA  =       6
 NHPARM =       0 NPARM  =       0 NNB   =      53 NRES   =       1
 NBONA  =       6 NTHETA =       6 NPHIA =       6 NUMBND =       2
 NUMANG =       2 NPTRA  =       2 NATYP =       2 NPHB   =       0
 IFBOX  =       0 NMXRS  =      12 IFCAP =       0 NEXTRA =       0
 NCOPY  =       0


|     Memory Use     Allocated
|     Real              702850
|     Hollerith             39
|     Integer            21799
|     Max Pairs             66
|     nblistReal           144
|     nblist Int        840000
|       Total             8858 kbytes

| Note: 1-4 EEL scale factors are being read from the topology file.

| Note: 1-4 VDW scale factors are being read from the topology file.
| Duplicated    0 dihedrals
| Duplicated    0 dihedrals

--------------------------------------------------------------------------------
   2.  CONTROL  DATA  FOR  THE  RUN
--------------------------------------------------------------------------------

MOL                                                                             

General flags:
     imin    =       1, nmropt  =       0

Nature and format of input:
     ntx     =       1, irest   =       0, ntrx    =       1

Nature and format of output:
     ntxo    =       2, ntpr    =      50, ntrx    =       1, ntwr    =       1
     iwrap   =       0, ntwx    =       0, ntwv    =       0, ntwe    =       0
     ioutfm  =       1, ntwprt  =       0, idecomp =       0, rbornstat=      0

Potential function:
     ntf     =       1, ntb     =       0, igb     =       0, nsnb    =      25
     ipol    =       0, gbsa    =       0, iesp    =       0
     dielc   =   1.00000, cut     = 999.00000, intdiel =   1.00000

Frozen or restrained atoms:
     ibelly  =       0, ntr     =       0

Energy minimization:
     maxcyc  =       0, ncyc    =      10, ntmin   =       1
     dx0     =   0.01000, drms    =   0.00010
|  INFO: Old style inpcrd file read


--------------------------------------------------------------------------------
   3.  ATOMIC COORDINATES AND VELOCITIES
--------------------------------------------------------------------------------

MOL                                                                             
 begin time read from input coords =     0.000 ps

 Number of triangulated 3-point waters found:        0

     Sum of charges from parm topology file =   0.00000000
     Forcing neutrality...

--------------------------------------------------------------------------------
   4.  RESULTS
--------------------------------------------------------------------------------

 ---------------------------------------------------

     eedmeth=4: Setting switch to one everywhere

 ---------------------------------------------------
| Local SIZE OF NONBOND LIST =         15
| TOTAL SIZE OF NONBOND LIST =         15


   NSTEP       ENERGY          RMS            GMAX         NAME    NUMBER
      1       5.8434E+00     4.0751E+00     9.9442E+00     C4          5

 BOND    =        0.0589  ANGLE   =        0.0027  DIHED      =        0.0000
 VDWAALS =       -0.1665  EEL     =        2.3513  HBOND      =        0.0000
 1-4 VDW =        3.7502  1-4 EEL =       -0.1532  RESTRAINT  =        0.0000


  Maximum number of minimization cycles reached.


                    FINAL RESULTS



   NSTEP       ENERGY          RMS            GMAX         NAME    NUMBER
      1       5.8434E+00     4.0751E+00     9.9442E+00     C4          5

 BOND    =        0.0589  ANGLE   =        0.0027  DIHED      =        0.0000
 VDWAALS =       -0.1665  EEL     =        2.3513  HBOND      =        0.0000
 1-4 VDW =        3.7502  1-4 EEL =       -0.1532  RESTRAINT  =        0.0000

--------------------------------------------------------------------------------
   5.  TIMINGS
--------------------------------------------------------------------------------

|    Read coords time           0.00 ( 0.87% of Total)
|    Fast Water setup           0.00 ( 0.05% of Total)
|                Build the list             0.00 (92.88% of List )
|                Other                      0.00 ( 7.12% of List )
|             List time                  0.00 (80.26% of Nonbo)
|             Ewald time                 0.00 (19.25% of Nonbo)
|             Other                      0.00 ( 0.49% of Nonbo)
|          Nonbond force              0.00 (73.27% of Force)
|          Bond/Angle/Dihedral        0.00 (23.20% of Force)
|          Other                      0.00 ( 3.53% of Force)
|       Force time                 0.00 (100.0% of Runmd)
|    Runmd Time                 0.00 ( 2.16% of Total)
|    Other                      0.03 (96.92% of Total)
| Total time                 0.03 (99.61% of ALL  )

| Number of list builds   :          1

| Highest rstack allocated:         20
| Highest istack allocated:          4
|           Job began  at 23:33:16.625  on 08/27/2026
|           Setup done at 23:33:16.644  on 08/27/2026
|           Run   done at 23:33:16.653  on 08/27/2026
|     wallclock() was called      58 times

|3D-RISM memory allocation summary
|Type          Maximum        Current   
|Integer       0.00000 GB     0.00000 GB
|Real          0.00000 GB     0.00000 GB
|Logical       0.00000 GB     0.00000 GB
|Character     0.00000 GB     0.00000 GB
|---------------------------------------
|Total         0.00000 GB     0.00000 GB
